root@rose01:~# cd /usr/local/mariadb/bin/
root@rose01:/usr/local/mariadb/bin# ls -al|grep mysql_install_db
-rwxrwxr-x 1 mysql mysql    16134 10月  4 23:32 mysql_install_db
root@rose01:/usr/local/mariadb/bin# ./mysql_install_db --basedir=/usr/local/mariadb --datadir=/srv/mysql --user=mysql
Installing MariaDB/MySQL system tables in '/srv/mysql' ...
151005 15:35:29 [Note] /usr/local/mariadb/sbin/mysqld (mysqld 10.0.21-MariaDB-log) starting as process 5044 ...
OK
Filling help tables...
151005 15:35:58 [Note] /usr/local/mariadb/sbin/mysqld (mysqld 10.0.21-MariaDB-log) starting as process 5071 ...
OK

To start mysqld at boot time you have to copy
support-files/mysql.server to the right place for your system

PLEASE REMEMBER TO SET A PASSWORD FOR THE MariaDB root USER !
To do so, start the server, then issue the following commands:

'/usr/local/mariadb/bin/mysqladmin' -u root password 'new-password'
'/usr/local/mariadb/bin/mysqladmin' -u root -h rose01 password 'new-password'

Alternatively you can run:
'/usr/local/mariadb/bin/mysql_secure_installation'

which will also give you the option of removing the test
databases and anonymous user created by default.  This is
strongly recommended for production servers.

See the MariaDB Knowledgebase at http://mariadb.com/kb or the
MySQL manual for more instructions.

You can start the MariaDB daemon with:
cd '/usr/local/mariadb' ; /usr/local/mariadb/bin/mysqld_safe --datadir='/srv/mysql'

You can test the MariaDB daemon with mysql-test-run.pl
cd '/usr/local/mariadb/mysql-test' ; perl mysql-test-run.pl

Please report any problems at http://mariadb.org/jira

The latest information about MariaDB is available at http://mariadb.org/.
You can find additional information about the MySQL part at:
http://dev.mysql.com
Support MariaDB development by buying support/new features from MariaDB
Corporation Ab. You can contact us about this at sales@mariadb.com.
Alternatively consider joining our community based development effort:
http://mariadb.com/kb/en/contributing-to-the-mariadb-project/

root@rose01:/usr/local/mariadb/bin# cd /srv/mysql
root@rose01:/srv/mysql# ls -al
總計 110716
drwx------ 5 mysql root      4096 10月  5 15:35 .
drwxr-xr-x 3 root  root      4096 10月  5 15:35 ..
-rw-rw---- 1 mysql mysql    16384 10月  5 15:35 aria_log.00000001
-rw-rw---- 1 mysql mysql       52 10月  5 15:35 aria_log_control
-rw-rw---- 1 mysql mysql     3268 10月  5 15:36 error.log
-rw-rw---- 1 mysql mysql 12582912 10月  5 15:35 ibdata1
-rw-rw---- 1 mysql mysql 50331648 10月  5 15:35 ib_logfile0
-rw-rw---- 1 mysql mysql 50331648 10月  5 15:35 ib_logfile1
-rw-rw---- 1 mysql mysql    69044 10月  5 15:35 mariadb-bin.000001
-rw-rw---- 1 mysql mysql      347 10月  5 15:35 mariadb-bin.000002
-rw-rw---- 1 mysql mysql       60 10月  5 15:35 mariadb-bin.index
-rw-rw---- 1 mysql mysql        8 10月  5 15:35 mariadb-bin.state
drwx------ 2 mysql root      4096 10月  5 15:35 mysql
drwx------ 2 mysql mysql     4096 10月  5 15:35 performance_schema
drwx------ 2 mysql root      4096 10月  5 15:35 test
root@rose01:/srv/mysql# 

